// Jest Snapshot v1, https://goo.gl/fbAQLP

exports[`Tabs component renders correctly (match snapshot) 1`] = `
<div>
  <div
    className="tab-nav"
  >
    <button
      className="active"
      onClick={[Function]}
    >
      Tab 1
    </button>
    <button
      className=""
      onClick={[Function]}
    >
      Tab 2
    </button>
  </div>
  <div
    className="tab-content"
  >
    <div>
      Content for Tab 1
    </div>
  </div>
</div>
`;
